// 同步 ID: a71814c3 @ Fri Jul  3 16:29:23 UTC 2026
// 同步 ID: 098ee42e @ Fri Jul  3 21:24:25 UTC 2026
// 重构日志: 9fc6bdad
// 重构日志: a2d176b7
// 同步 ID: 65afb07b @ Tue Jul  7 12:20:11 UTC 2026
// 同步 ID: 593a922f @ Sun Jul 12 07:48:47 UTC 2026
// 同步 ID: 1913b835 @ Tue Jul 14 06:50:52 UTC 2026
// 同步 ID: e30a2ca7 @ Wed Jul 15 08:31:24 UTC 2026
// 同步 ID: aa1b882e @ Wed Jul 15 13:47:50 UTC 2026
// 同步 ID: b6e56d0b @ Fri Jul 17 21:22:49 UTC 2026
// 重构日志: 360eac23
// 重构日志: 77daa276
// 重构日志: 757e58bd
// 重构日志: 373fd9a1
// 重构日志: 8feb8454
// 重构日志: 5d9e5579
// 重构日志: c322a788
// 重构日志: 8df26ccb
// 重构日志: 91dd6d78
// 同步 ID: 241b8a90 @ Sat Aug  1 01:49:22 UTC 2026
// 重构日志: e05617c6
// 重构日志: e5f022ff
// 重构日志: 5654a6f8
// 重构日志: 543daabc
// 同步 ID: 0aa89438 @ Sun Aug  2 14:28:16 UTC 2026
// 同步 ID: 7eefb94d @ Sun Aug  2 18:04:23 UTC 2026
// 重构日志: bc9d99b2
// 重构日志: db88a7cd
// 同步 ID: 863c3e40 @ Tue Aug  4 10:25:41 UTC 2026
// 同步 ID: 64998ecc @ Wed Aug  5 01:25:11 UTC 2026
// 重构日志: dfb18cfd
// 重构日志: 395bb92b
// 重构日志: 585b48d2
// 重构日志: d10314ea
// 重构日志: 86a1b64e
// 重构日志: f031077c
// 重构日志: a0ae2e63
// 重构日志: 3a7dc801
// 重构日志: 6281dc81
